// Jest Snapshot v1, https://goo.gl/fbAQLP

exports[`CreateCustomField component renders with correct initial state 1`] = `
<div>
  <div
    class="sc-bRKDuR kyzHkg"
  >
    <div
      class="sc-hvigdm bLQxQc"
    >
      <svg
        fill="none"
        height="21"
        viewBox="0 0 25 25"
        width="21"
        xmlns="http://www.w3.org/2000/svg"
      >
        <path
          d="M11.6816 20.2856V12.7856H4.18164V11.7856H11.6816V4.28564H12.6816V11.7856H20.1816V12.7856H12.6816V20.2856H11.6816Z"
          fill="#F6F6F6"
        />
      </svg>
      <div>
        Create Custom
      </div>
      <div
        class="sc-fhHczv iLTchs"
      >
        <svg
          fill="none"
          height="21"
          viewBox="0 0 25 25"
          width="21"
          xmlns="http://www.w3.org/2000/svg"
        >
          <path
            d="M3.19236 8.1636L4.25586 7.1001L12.5001 15.3443L20.7444 7.1001L21.8079 8.1636L12.5001 17.4713L3.19236 8.1636Z"
            fill="#F6F6F6"
          />
        </svg>
      </div>
    </div>
  </div>
</div>
`;
